[10Juni2026 13:21:42.157] [main/INFO] [cpw.mods.modlauncher.Launcher/MODLAUNCHER]: ModLauncher running: args [--launchTarget, forgeclientuserdev, --version, 21.1.139, --assetIndex, 17, --assetsDir, C:\\Users\\Lukas\\.gradle\\caches\\neoformruntime\\assets, --gameDir, ., --fml.neoForgeVersion, 21.1.139, --fml.fmlVersion, 4.0.38, --fml.mcVersion, 1.21.1, --fml.neoFormVersion, 20240808.144430]
[10Juni2026 13:21:42.172] [main/INFO] [cpw.mods.modlauncher.Launcher/MODLAUNCHER]: JVM identified as Eclipse Adoptium OpenJDK 64-Bit Server VM 21.0.6+7-LTS
[10Juni2026 13:21:42.175] [main/INFO] [cpw.mods.modlauncher.Launcher/MODLAUNCHER]: ModLauncher 11.0.4+main.d2e20e43 starting: java version 21.0.6 by Eclipse Adoptium; OS Windows 11 arch amd64 version 10.0
[10Juni2026 13:21:42.627] [main/INFO] [net.neoforged.fml.loading.ImmediateWindowHandler/]: Loading ImmediateWindowProvider fmlearlywindow
[10Juni2026 13:21:42.926] [main/INFO] [EARLYDISPLAY/]: Trying GL version 4.6
[10Juni2026 13:21:43.328] [main/INFO] [EARLYDISPLAY/]: Requested GL version 4.6 got version 4.6
[10Juni2026 13:21:43.596] [main/INFO] [mixin/]: SpongePowered MIXIN Subsystem Version=0.8.7 Source=union:/C:/Users/Lukas/.gradle/caches/modules-2/files-2.1/net.fabricmc/sponge-mixin/0.15.2+mixin.0.8.7/2af2f021d8e02a0220dc27a7a72b4666d66d44ca/sponge-mixin-0.15.2+mixin.0.8.7.jar%23131!/ Service=ModLauncher Env=CLIENT
[10Juni2026 13:21:43.903] [pool-2-thread-1/INFO] [EARLYDISPLAY/]: GL info: AMD Radeon(TM) RX Vega 11 Graphics GL version 4.6.13596 Core Profile Forward-Compatible Context 20.10.44 27.20.11044.7, ATI Technologies Inc.
[10Juni2026 13:21:44.548] [main/WARN] [net.neoforged.jarjar.selection.JarSelector/]: Attempted to select a dependency jar for JarJar which was passed in as source: flywheel. Using Mod File: C:\Users\Lukas\.gradle\caches\modules-2\files-2.1\dev.engine-room.flywheel\flywheel-neoforge-1.21.1\1.0.1-11\1bb379d899645a08077f3b799fa17efb68c20c40\flywheel-neoforge-1.21.1-1.0.1-11.jar
[10Juni2026 13:21:44.548] [main/WARN] [net.neoforged.jarjar.selection.JarSelector/]: Attempted to select a dependency jar for JarJar which was passed in as source: ponder. Using Mod File: C:\Users\Lukas\.gradle\caches\modules-2\files-2.1\net.createmod.ponder\Ponder-NeoForge-1.21.1\1.0.39\73f36f4d732782aef8bb15a3010df3abc5cc9a1d\Ponder-NeoForge-1.21.1-1.0.39.jar
[10Juni2026 13:21:44.548] [main/WARN] [net.neoforged.jarjar.selection.JarSelector/]: Attempted to select a dependency jar for JarJar which was passed in as source: library:Registrate.MC1._21._62. Using Mod File: C:\Users\Lukas\.gradle\caches\modules-2\files-2.1\com.tterrag.registrate\Registrate\MC1.21-1.3.0+62\e8ca9c96f9e3535e4dbf2e57699e0d1c7783fec2\Registrate-MC1.21-1.3.0+62.jar
[10Juni2026 13:21:44.550] [main/INFO] [net.neoforged.fml.loading.moddiscovery.locators.JarInJarDependencyLocator/]: Found 2 dependencies adding them to mods collection
[10Juni2026 13:21:44.553] [main/INFO] [net.neoforged.fml.loading.moddiscovery.ModDiscoverer/]: 
     Mod List:
		Name Version (Mod Id)

		Create 6.0.4 (create)
		Create: Crafts & Construct 2.0.0 (crafts_construct)
		Flywheel 1.0.1-11 (flywheel)
		Just Enough Items 19.21.0.247 (jei)
		Minecraft 1.21.1 (minecraft)
		NeoForge 21.1.139 (neoforge)
		Ponder 1.0.39 (ponder)
[10Juni2026 13:21:46.796] [main/INFO] [mixin/]: Compatibility level set to JAVA_21
[10Juni2026 13:21:46.878] [main/INFO] [cpw.mods.modlauncher.LaunchServiceHandler/MODLAUNCHER]: Launching target 'forgeclientuserdev' with arguments [--version, 21.1.139, --gameDir, ., --assetsDir, C:\Users\Lukas\.gradle\caches\neoformruntime\assets, --assetIndex, 17]
[10Juni2026 13:21:47.026] [main/WARN] [mixin/]: Reference map 'ponder.refmap.json' for ponder.mixins.json could not be read. If this is a development environment you can ignore this message
[10Juni2026 13:21:47.035] [main/WARN] [mixin/]: Reference map 'create.refmap.json' for create.mixins.json could not be read. If this is a development environment you can ignore this message
[10Juni2026 13:21:48.049] [main/WARN] [mixin/]: Error loading class: journeymap/client/render/map/MapRenderer (java.lang.ClassNotFoundException: journeymap.client.render.map.MapRenderer)
[10Juni2026 13:21:48.050] [main/WARN] [mixin/]: @Mixin target journeymap.client.render.map.MapRenderer was not found create.mixins.json:compat.journeymap.MapRendererAccessor from mod create
[10Juni2026 13:21:48.220] [main/WARN] [mixin/]: Error loading class: journeymap/client/ui/fullscreen/Fullscreen (java.lang.ClassNotFoundException: journeymap.client.ui.fullscreen.Fullscreen)
[10Juni2026 13:21:48.220] [main/WARN] [mixin/]: @Mixin target journeymap.client.ui.fullscreen.Fullscreen was not found create.mixins.json:compat.journeymap.JourneyFullscreenMapMixin from mod create
[10Juni2026 13:21:48.348] [main/INFO] [MixinExtras|Service/]: Initializing MixinExtras via com.llamalad7.mixinextras.service.MixinExtrasServiceImpl(version=0.4.1).
[10Juni2026 13:21:52.800] [Datafixer Bootstrap/INFO] [com.mojang.datafixers.DataFixerBuilder/]: 229 Datafixer optimizations took 1620 milliseconds
[10Juni2026 13:22:03.483] [main/WARN] [net.minecraft.commands.Commands/]: Ambiguity between arguments [teleport, location] and [teleport, destination] with inputs: [0.1 -0.5 .9, 0 0 0]
[10Juni2026 13:22:03.486] [main/WARN] [net.minecraft.commands.Commands/]: Ambiguity between arguments [teleport, location] and [teleport, targets] with inputs: [0.1 -0.5 .9, 0 0 0]
[10Juni2026 13:22:03.493] [main/WARN] [net.minecraft.commands.Commands/]: Ambiguity between arguments [teleport, destination] and [teleport, targets] with inputs: [Player, 0123, @e, dd12be42-52a9-4a91-a8a1-11c01849e498]
[10Juni2026 13:22:03.495] [main/WARN] [net.minecraft.commands.Commands/]: Ambiguity between arguments [teleport, targets] and [teleport, destination] with inputs: [Player, 0123, dd12be42-52a9-4a91-a8a1-11c01849e498]
[10Juni2026 13:22:03.498] [main/WARN] [net.minecraft.commands.Commands/]: Ambiguity between arguments [teleport, targets, location] and [teleport, targets, destination] with inputs: [0.1 -0.5 .9, 0 0 0]
[10Juni2026 13:22:03.809] [Render thread/WARN] [net.minecraft.server.packs.VanillaPackResourcesBuilder/]: Assets URL 'union:/F:/Games/MODS/crafts_construct/build/moddev/artifacts/neoforge-21.1.139.jar%23185!/assets/.mcassetsroot' uses unexpected schema
[10Juni2026 13:22:03.810] [Render thread/WARN] [net.minecraft.server.packs.VanillaPackResourcesBuilder/]: Assets URL 'union:/F:/Games/MODS/crafts_construct/build/moddev/artifacts/neoforge-21.1.139.jar%23185!/data/.mcassetsroot' uses unexpected schema
[10Juni2026 13:22:03.879] [Render thread/INFO] [com.mojang.authlib.yggdrasil.YggdrasilAuthenticationService/]: Environment: Environment[sessionHost=https://sessionserver.mojang.com, servicesHost=https://api.minecraftservices.com, name=PROD]
[10Juni2026 13:22:03.898] [Render thread/INFO] [net.minecraft.client.Minecraft/]: Setting user: Dev
[10Juni2026 13:22:04.110] [Render thread/INFO] [net.minecraft.client.Minecraft/]: Backend library: LWJGL version 3.3.3+5
[10Juni2026 13:22:04.630] [modloading-worker-0/INFO] [net.neoforged.neoforge.common.NeoForgeMod/NEOFORGE-MOD]: NeoForge mod loading, version 21.1.139, for MC 1.21.1
[10Juni2026 13:22:04.737] [modloading-worker-0/INFO] [com.simibubi.create.Create/]: Create 6.0.4 initializing! Commit hash: 8d3eda53e4de913a966c9daf050e3fb893b5d638
[10Juni2026 13:22:04.878] [modloading-worker-0/INFO] [mezz.jei.library.load.PluginCaller/]: Sending ConfigManager...
[10Juni2026 13:22:04.886] [modloading-worker-0/INFO] [mezz.jei.library.load.PluginCaller/]: Sending ConfigManager took 4.712 ms
[10Juni2026 13:22:10.742] [Render thread/INFO] [net.neoforged.neoforge.gametest.GameTestHooks/]: Enabled Gametest Namespaces: [crafts_construct]
[10Juni2026 13:22:11.287] [Render thread/INFO] [net.minecraft.server.packs.resources.ReloadableResourceManager/]: Reloading ResourceManager: vanilla, mod_resources, mod/flywheel, mod/ponder, mod/create, mod/neoforge, mod/crafts_construct, mod/jei
[10Juni2026 13:22:12.803] [Worker-Main-6/INFO] [net.minecraft.client.gui.font.providers.UnihexProvider/]: Found unifont_all_no_pua-15.1.05.hex, loading
[10Juni2026 13:22:12.846] [Worker-Main-7/INFO] [net.minecraft.client.gui.font.providers.UnihexProvider/]: Found unifont_jp_patch-15.1.05.hex, loading
[10Juni2026 13:22:13.885] [Worker-Main-2/WARN] [net.minecraft.client.resources.model.BlockStateModelLoader/]: Exception loading blockstate definition: 'create:blockstates/item_drain.json' in resourcepack: 'mod/crafts_construct' for variant: 'material=brass': Unknown blockstate property: 'material'
[10Juni2026 13:22:13.886] [Worker-Main-2/WARN] [net.minecraft.client.resources.model.BlockStateModelLoader/]: Exception loading blockstate definition: 'create:blockstates/item_drain.json' in resourcepack: 'mod/crafts_construct' for variant: 'material=copper': Unknown blockstate property: 'material'
[10Juni2026 13:22:14.424] [Worker-Main-2/WARN] [net.minecraft.client.resources.model.BlockStateModelLoader/]: Exception loading blockstate definition: 'crafts_construct:blockstates/green_jelly.json' missing model for variant: 'crafts_construct:green_jelly#level=3'
[10Juni2026 13:22:14.425] [Worker-Main-2/WARN] [net.minecraft.client.resources.model.BlockStateModelLoader/]: Exception loading blockstate definition: 'crafts_construct:blockstates/green_jelly.json' missing model for variant: 'crafts_construct:green_jelly#level=2'
[10Juni2026 13:22:14.425] [Worker-Main-2/WARN] [net.minecraft.client.resources.model.BlockStateModelLoader/]: Exception loading blockstate definition: 'crafts_construct:blockstates/green_jelly.json' missing model for variant: 'crafts_construct:green_jelly#level=1'
[10Juni2026 13:22:14.426] [Worker-Main-2/WARN] [net.minecraft.client.resources.model.BlockStateModelLoader/]: Exception loading blockstate definition: 'crafts_construct:blockstates/green_jelly.json' missing model for variant: 'crafts_construct:green_jelly#level=0'
[10Juni2026 13:22:14.426] [Worker-Main-2/WARN] [net.minecraft.client.resources.model.BlockStateModelLoader/]: Exception loading blockstate definition: 'crafts_construct:blockstates/green_jelly.json' missing model for variant: 'crafts_construct:green_jelly#level=7'
[10Juni2026 13:22:14.426] [Worker-Main-2/WARN] [net.minecraft.client.resources.model.BlockStateModelLoader/]: Exception loading blockstate definition: 'crafts_construct:blockstates/green_jelly.json' missing model for variant: 'crafts_construct:green_jelly#level=6'
[10Juni2026 13:22:14.427] [Worker-Main-2/WARN] [net.minecraft.client.resources.model.BlockStateModelLoader/]: Exception loading blockstate definition: 'crafts_construct:blockstates/green_jelly.json' missing model for variant: 'crafts_construct:green_jelly#level=5'
[10Juni2026 13:22:14.427] [Worker-Main-2/WARN] [net.minecraft.client.resources.model.BlockStateModelLoader/]: Exception loading blockstate definition: 'crafts_construct:blockstates/green_jelly.json' missing model for variant: 'crafts_construct:green_jelly#level=4'
[10Juni2026 13:22:14.427] [Worker-Main-2/WARN] [net.minecraft.client.resources.model.BlockStateModelLoader/]: Exception loading blockstate definition: 'crafts_construct:blockstates/green_jelly.json' missing model for variant: 'crafts_construct:green_jelly#level=13'
[10Juni2026 13:22:14.427] [Worker-Main-2/WARN] [net.minecraft.client.resources.model.BlockStateModelLoader/]: Exception loading blockstate definition: 'crafts_construct:blockstates/green_jelly.json' missing model for variant: 'crafts_construct:green_jelly#level=14'
[10Juni2026 13:22:14.427] [Worker-Main-2/WARN] [net.minecraft.client.resources.model.BlockStateModelLoader/]: Exception loading blockstate definition: 'crafts_construct:blockstates/green_jelly.json' missing model for variant: 'crafts_construct:green_jelly#level=9'
[10Juni2026 13:22:14.428] [Worker-Main-2/WARN] [net.minecraft.client.resources.model.BlockStateModelLoader/]: Exception loading blockstate definition: 'crafts_construct:blockstates/green_jelly.json' missing model for variant: 'crafts_construct:green_jelly#level=15'
[10Juni2026 13:22:14.428] [Worker-Main-2/WARN] [net.minecraft.client.resources.model.BlockStateModelLoader/]: Exception loading blockstate definition: 'crafts_construct:blockstates/green_jelly.json' missing model for variant: 'crafts_construct:green_jelly#level=8'
[10Juni2026 13:22:14.428] [Worker-Main-2/WARN] [net.minecraft.client.resources.model.BlockStateModelLoader/]: Exception loading blockstate definition: 'crafts_construct:blockstates/green_jelly.json' missing model for variant: 'crafts_construct:green_jelly#level=10'
[10Juni2026 13:22:14.428] [Worker-Main-2/WARN] [net.minecraft.client.resources.model.BlockStateModelLoader/]: Exception loading blockstate definition: 'crafts_construct:blockstates/green_jelly.json' missing model for variant: 'crafts_construct:green_jelly#level=11'
[10Juni2026 13:22:14.428] [Worker-Main-2/WARN] [net.minecraft.client.resources.model.BlockStateModelLoader/]: Exception loading blockstate definition: 'crafts_construct:blockstates/green_jelly.json' missing model for variant: 'crafts_construct:green_jelly#level=12'
[10Juni2026 13:22:14.428] [Worker-Main-2/WARN] [net.minecraft.client.resources.model.BlockStateModelLoader/]: Exception loading blockstate definition: 'crafts_construct:blockstates/yellow_jelly.json' missing model for variant: 'crafts_construct:yellow_jelly#level=13'
[10Juni2026 13:22:14.428] [Worker-Main-2/WARN] [net.minecraft.client.resources.model.BlockStateModelLoader/]: Exception loading blockstate definition: 'crafts_construct:blockstates/yellow_jelly.json' missing model for variant: 'crafts_construct:yellow_jelly#level=12'
[10Juni2026 13:22:14.428] [Worker-Main-2/WARN] [net.minecraft.client.resources.model.BlockStateModelLoader/]: Exception loading blockstate definition: 'crafts_construct:blockstates/yellow_jelly.json' missing model for variant: 'crafts_construct:yellow_jelly#level=11'
[10Juni2026 13:22:14.428] [Worker-Main-2/WARN] [net.minecraft.client.resources.model.BlockStateModelLoader/]: Exception loading blockstate definition: 'crafts_construct:blockstates/yellow_jelly.json' missing model for variant: 'crafts_construct:yellow_jelly#level=10'
[10Juni2026 13:22:14.430] [Worker-Main-2/WARN] [net.minecraft.client.resources.model.BlockStateModelLoader/]: Exception loading blockstate definition: 'crafts_construct:blockstates/yellow_jelly.json' missing model for variant: 'crafts_construct:yellow_jelly#level=0'
[10Juni2026 13:22:14.430] [Worker-Main-2/WARN] [net.minecraft.client.resources.model.BlockStateModelLoader/]: Exception loading blockstate definition: 'crafts_construct:blockstates/yellow_jelly.json' missing model for variant: 'crafts_construct:yellow_jelly#level=15'
[10Juni2026 13:22:14.430] [Worker-Main-2/WARN] [net.minecraft.client.resources.model.BlockStateModelLoader/]: Exception loading blockstate definition: 'crafts_construct:blockstates/yellow_jelly.json' missing model for variant: 'crafts_construct:yellow_jelly#level=14'
[10Juni2026 13:22:14.430] [Worker-Main-2/WARN] [net.minecraft.client.resources.model.BlockStateModelLoader/]: Exception loading blockstate definition: 'crafts_construct:blockstates/yellow_jelly.json' missing model for variant: 'crafts_construct:yellow_jelly#level=9'
[10Juni2026 13:22:14.430] [Worker-Main-2/WARN] [net.minecraft.client.resources.model.BlockStateModelLoader/]: Exception loading blockstate definition: 'crafts_construct:blockstates/yellow_jelly.json' missing model for variant: 'crafts_construct:yellow_jelly#level=4'
[10Juni2026 13:22:14.430] [Worker-Main-2/WARN] [net.minecraft.client.resources.model.BlockStateModelLoader/]: Exception loading blockstate definition: 'crafts_construct:blockstates/yellow_jelly.json' missing model for variant: 'crafts_construct:yellow_jelly#level=3'
[10Juni2026 13:22:14.430] [Worker-Main-2/WARN] [net.minecraft.client.resources.model.BlockStateModelLoader/]: Exception loading blockstate definition: 'crafts_construct:blockstates/yellow_jelly.json' missing model for variant: 'crafts_construct:yellow_jelly#level=2'
[10Juni2026 13:22:14.431] [Worker-Main-2/WARN] [net.minecraft.client.resources.model.BlockStateModelLoader/]: Exception loading blockstate definition: 'crafts_construct:blockstates/yellow_jelly.json' missing model for variant: 'crafts_construct:yellow_jelly#level=1'
[10Juni2026 13:22:14.431] [Worker-Main-2/WARN] [net.minecraft.client.resources.model.BlockStateModelLoader/]: Exception loading blockstate definition: 'crafts_construct:blockstates/yellow_jelly.json' missing model for variant: 'crafts_construct:yellow_jelly#level=8'
[10Juni2026 13:22:14.431] [Worker-Main-2/WARN] [net.minecraft.client.resources.model.BlockStateModelLoader/]: Exception loading blockstate definition: 'crafts_construct:blockstates/yellow_jelly.json' missing model for variant: 'crafts_construct:yellow_jelly#level=7'
[10Juni2026 13:22:14.431] [Worker-Main-2/WARN] [net.minecraft.client.resources.model.BlockStateModelLoader/]: Exception loading blockstate definition: 'crafts_construct:blockstates/yellow_jelly.json' missing model for variant: 'crafts_construct:yellow_jelly#level=6'
[10Juni2026 13:22:14.431] [Worker-Main-2/WARN] [net.minecraft.client.resources.model.BlockStateModelLoader/]: Exception loading blockstate definition: 'crafts_construct:blockstates/yellow_jelly.json' missing model for variant: 'crafts_construct:yellow_jelly#level=5'
[10Juni2026 13:22:14.432] [Worker-Main-2/WARN] [net.minecraft.client.resources.model.BlockStateModelLoader/]: Exception loading blockstate definition: 'crafts_construct:blockstates/red_jelly.json' missing model for variant: 'crafts_construct:red_jelly#level=15'
[10Juni2026 13:22:14.432] [Worker-Main-2/WARN] [net.minecraft.client.resources.model.BlockStateModelLoader/]: Exception loading blockstate definition: 'crafts_construct:blockstates/red_jelly.json' missing model for variant: 'crafts_construct:red_jelly#level=1'
[10Juni2026 13:22:14.432] [Worker-Main-2/WARN] [net.minecraft.client.resources.model.BlockStateModelLoader/]: Exception loading blockstate definition: 'crafts_construct:blockstates/red_jelly.json' missing model for variant: 'crafts_construct:red_jelly#level=0'
[10Juni2026 13:22:14.432] [Worker-Main-2/WARN] [net.minecraft.client.resources.model.BlockStateModelLoader/]: Exception loading blockstate definition: 'crafts_construct:blockstates/red_jelly.json' missing model for variant: 'crafts_construct:red_jelly#level=3'
[10Juni2026 13:22:14.432] [Worker-Main-2/WARN] [net.minecraft.client.resources.model.BlockStateModelLoader/]: Exception loading blockstate definition: 'crafts_construct:blockstates/red_jelly.json' missing model for variant: 'crafts_construct:red_jelly#level=2'
[10Juni2026 13:22:14.432] [Worker-Main-2/WARN] [net.minecraft.client.resources.model.BlockStateModelLoader/]: Exception loading blockstate definition: 'crafts_construct:blockstates/red_jelly.json' missing model for variant: 'crafts_construct:red_jelly#level=5'
[10Juni2026 13:22:14.432] [Worker-Main-2/WARN] [net.minecraft.client.resources.model.BlockStateModelLoader/]: Exception loading blockstate definition: 'crafts_construct:blockstates/red_jelly.json' missing model for variant: 'crafts_construct:red_jelly#level=4'
[10Juni2026 13:22:14.432] [Worker-Main-2/WARN] [net.minecraft.client.resources.model.BlockStateModelLoader/]: Exception loading blockstate definition: 'crafts_construct:blockstates/red_jelly.json' missing model for variant: 'crafts_construct:red_jelly#level=7'
[10Juni2026 13:22:14.433] [Worker-Main-2/WARN] [net.minecraft.client.resources.model.BlockStateModelLoader/]: Exception loading blockstate definition: 'crafts_construct:blockstates/red_jelly.json' missing model for variant: 'crafts_construct:red_jelly#level=6'
[10Juni2026 13:22:14.433] [Worker-Main-2/WARN] [net.minecraft.client.resources.model.BlockStateModelLoader/]: Exception loading blockstate definition: 'crafts_construct:blockstates/red_jelly.json' missing model for variant: 'crafts_construct:red_jelly#level=9'
[10Juni2026 13:22:14.433] [Worker-Main-2/WARN] [net.minecraft.client.resources.model.BlockStateModelLoader/]: Exception loading blockstate definition: 'crafts_construct:blockstates/red_jelly.json' missing model for variant: 'crafts_construct:red_jelly#level=10'
[10Juni2026 13:22:14.433] [Worker-Main-2/WARN] [net.minecraft.client.resources.model.BlockStateModelLoader/]: Exception loading blockstate definition: 'crafts_construct:blockstates/red_jelly.json' missing model for variant: 'crafts_construct:red_jelly#level=8'
[10Juni2026 13:22:14.433] [Worker-Main-2/WARN] [net.minecraft.client.resources.model.BlockStateModelLoader/]: Exception loading blockstate definition: 'crafts_construct:blockstates/red_jelly.json' missing model for variant: 'crafts_construct:red_jelly#level=12'
[10Juni2026 13:22:14.433] [Worker-Main-2/WARN] [net.minecraft.client.resources.model.BlockStateModelLoader/]: Exception loading blockstate definition: 'crafts_construct:blockstates/red_jelly.json' missing model for variant: 'crafts_construct:red_jelly#level=11'
[10Juni2026 13:22:14.433] [Worker-Main-2/WARN] [net.minecraft.client.resources.model.BlockStateModelLoader/]: Exception loading blockstate definition: 'crafts_construct:blockstates/red_jelly.json' missing model for variant: 'crafts_construct:red_jelly#level=14'
[10Juni2026 13:22:14.433] [Worker-Main-2/WARN] [net.minecraft.client.resources.model.BlockStateModelLoader/]: Exception loading blockstate definition: 'crafts_construct:blockstates/red_jelly.json' missing model for variant: 'crafts_construct:red_jelly#level=13'
[10Juni2026 13:22:14.433] [Worker-Main-2/WARN] [net.minecraft.client.resources.model.BlockStateModelLoader/]: Exception loading blockstate definition: 'crafts_construct:blockstates/pink_jelly.json' missing model for variant: 'crafts_construct:pink_jelly#level=15'
[10Juni2026 13:22:14.433] [Worker-Main-2/WARN] [net.minecraft.client.resources.model.BlockStateModelLoader/]: Exception loading blockstate definition: 'crafts_construct:blockstates/pink_jelly.json' missing model for variant: 'crafts_construct:pink_jelly#level=14'
[10Juni2026 13:22:14.433] [Worker-Main-2/WARN] [net.minecraft.client.resources.model.BlockStateModelLoader/]: Exception loading blockstate definition: 'crafts_construct:blockstates/pink_jelly.json' missing model for variant: 'crafts_construct:pink_jelly#level=13'
[10Juni2026 13:22:14.433] [Worker-Main-2/WARN] [net.minecraft.client.resources.model.BlockStateModelLoader/]: Exception loading blockstate definition: 'crafts_construct:blockstates/pink_jelly.json' missing model for variant: 'crafts_construct:pink_jelly#level=12'
[10Juni2026 13:22:14.435] [Worker-Main-2/WARN] [net.minecraft.client.resources.model.BlockStateModelLoader/]: Exception loading blockstate definition: 'crafts_construct:blockstates/pink_jelly.json' missing model for variant: 'crafts_construct:pink_jelly#level=1'
[10Juni2026 13:22:14.435] [Worker-Main-2/WARN] [net.minecraft.client.resources.model.BlockStateModelLoader/]: Exception loading blockstate definition: 'crafts_construct:blockstates/pink_jelly.json' missing model for variant: 'crafts_construct:pink_jelly#level=2'
[10Juni2026 13:22:14.435] [Worker-Main-2/WARN] [net.minecraft.client.resources.model.BlockStateModelLoader/]: Exception loading blockstate definition: 'crafts_construct:blockstates/pink_jelly.json' missing model for variant: 'crafts_construct:pink_jelly#level=0'
[10Juni2026 13:22:14.435] [Worker-Main-2/WARN] [net.minecraft.client.resources.model.BlockStateModelLoader/]: Exception loading blockstate definition: 'crafts_construct:blockstates/pink_jelly.json' missing model for variant: 'crafts_construct:pink_jelly#level=5'
[10Juni2026 13:22:14.435] [Worker-Main-2/WARN] [net.minecraft.client.resources.model.BlockStateModelLoader/]: Exception loading blockstate definition: 'crafts_construct:blockstates/pink_jelly.json' missing model for variant: 'crafts_construct:pink_jelly#level=6'
[10Juni2026 13:22:14.435] [Worker-Main-2/WARN] [net.minecraft.client.resources.model.BlockStateModelLoader/]: Exception loading blockstate definition: 'crafts_construct:blockstates/pink_jelly.json' missing model for variant: 'crafts_construct:pink_jelly#level=3'
[10Juni2026 13:22:14.435] [Worker-Main-2/WARN] [net.minecraft.client.resources.model.BlockStateModelLoader/]: Exception loading blockstate definition: 'crafts_construct:blockstates/pink_jelly.json' missing model for variant: 'crafts_construct:pink_jelly#level=4'
[10Juni2026 13:22:14.436] [Worker-Main-2/WARN] [net.minecraft.client.resources.model.BlockStateModelLoader/]: Exception loading blockstate definition: 'crafts_construct:blockstates/pink_jelly.json' missing model for variant: 'crafts_construct:pink_jelly#level=9'
[10Juni2026 13:22:14.436] [Worker-Main-2/WARN] [net.minecraft.client.resources.model.BlockStateModelLoader/]: Exception loading blockstate definition: 'crafts_construct:blockstates/pink_jelly.json' missing model for variant: 'crafts_construct:pink_jelly#level=11'
[10Juni2026 13:22:14.436] [Worker-Main-2/WARN] [net.minecraft.client.resources.model.BlockStateModelLoader/]: Exception loading blockstate definition: 'crafts_construct:blockstates/pink_jelly.json' missing model for variant: 'crafts_construct:pink_jelly#level=10'
[10Juni2026 13:22:14.436] [Worker-Main-2/WARN] [net.minecraft.client.resources.model.BlockStateModelLoader/]: Exception loading blockstate definition: 'crafts_construct:blockstates/pink_jelly.json' missing model for variant: 'crafts_construct:pink_jelly#level=7'
[10Juni2026 13:22:14.436] [Worker-Main-2/WARN] [net.minecraft.client.resources.model.BlockStateModelLoader/]: Exception loading blockstate definition: 'crafts_construct:blockstates/pink_jelly.json' missing model for variant: 'crafts_construct:pink_jelly#level=8'
[10Juni2026 13:22:14.436] [Worker-Main-2/WARN] [net.minecraft.client.resources.model.BlockStateModelLoader/]: Exception loading blockstate definition: 'crafts_construct:blockstates/blue_jelly.json' missing model for variant: 'crafts_construct:blue_jelly#level=13'
[10Juni2026 13:22:14.436] [Worker-Main-2/WARN] [net.minecraft.client.resources.model.BlockStateModelLoader/]: Exception loading blockstate definition: 'crafts_construct:blockstates/blue_jelly.json' missing model for variant: 'crafts_construct:blue_jelly#level=12'
[10Juni2026 13:22:14.437] [Worker-Main-2/WARN] [net.minecraft.client.resources.model.BlockStateModelLoader/]: Exception loading blockstate definition: 'crafts_construct:blockstates/blue_jelly.json' missing model for variant: 'crafts_construct:blue_jelly#level=15'
[10Juni2026 13:22:14.437] [Worker-Main-2/WARN] [net.minecraft.client.resources.model.BlockStateModelLoader/]: Exception loading blockstate definition: 'crafts_construct:blockstates/blue_jelly.json' missing model for variant: 'crafts_construct:blue_jelly#level=14'
[10Juni2026 13:22:14.437] [Worker-Main-2/WARN] [net.minecraft.client.resources.model.BlockStateModelLoader/]: Exception loading blockstate definition: 'crafts_construct:blockstates/blue_jelly.json' missing model for variant: 'crafts_construct:blue_jelly#level=8'
[10Juni2026 13:22:14.437] [Worker-Main-2/WARN] [net.minecraft.client.resources.model.BlockStateModelLoader/]: Exception loading blockstate definition: 'crafts_construct:blockstates/blue_jelly.json' missing model for variant: 'crafts_construct:blue_jelly#level=7'
[10Juni2026 13:22:14.437] [Worker-Main-2/WARN] [net.minecraft.client.resources.model.BlockStateModelLoader/]: Exception loading blockstate definition: 'crafts_construct:blockstates/blue_jelly.json' missing model for variant: 'crafts_construct:blue_jelly#level=11'
[10Juni2026 13:22:14.437] [Worker-Main-2/WARN] [net.minecraft.client.resources.model.BlockStateModelLoader/]: Exception loading blockstate definition: 'crafts_construct:blockstates/blue_jelly.json' missing model for variant: 'crafts_construct:blue_jelly#level=9'
[10Juni2026 13:22:14.437] [Worker-Main-2/WARN] [net.minecraft.client.resources.model.BlockStateModelLoader/]: Exception loading blockstate definition: 'crafts_construct:blockstates/blue_jelly.json' missing model for variant: 'crafts_construct:blue_jelly#level=10'
[10Juni2026 13:22:14.437] [Worker-Main-2/WARN] [net.minecraft.client.resources.model.BlockStateModelLoader/]: Exception loading blockstate definition: 'crafts_construct:blockstates/blue_jelly.json' missing model for variant: 'crafts_construct:blue_jelly#level=4'
[10Juni2026 13:22:14.437] [Worker-Main-2/WARN] [net.minecraft.client.resources.model.BlockStateModelLoader/]: Exception loading blockstate definition: 'crafts_construct:blockstates/blue_jelly.json' missing model for variant: 'crafts_construct:blue_jelly#level=3'
[10Juni2026 13:22:14.437] [Worker-Main-2/WARN] [net.minecraft.client.resources.model.BlockStateModelLoader/]: Exception loading blockstate definition: 'crafts_construct:blockstates/blue_jelly.json' missing model for variant: 'crafts_construct:blue_jelly#level=6'
[10Juni2026 13:22:14.437] [Worker-Main-2/WARN] [net.minecraft.client.resources.model.BlockStateModelLoader/]: Exception loading blockstate definition: 'crafts_construct:blockstates/blue_jelly.json' missing model for variant: 'crafts_construct:blue_jelly#level=5'
[10Juni2026 13:22:14.437] [Worker-Main-2/WARN] [net.minecraft.client.resources.model.BlockStateModelLoader/]: Exception loading blockstate definition: 'crafts_construct:blockstates/blue_jelly.json' missing model for variant: 'crafts_construct:blue_jelly#level=0'
[10Juni2026 13:22:14.438] [Worker-Main-2/WARN] [net.minecraft.client.resources.model.BlockStateModelLoader/]: Exception loading blockstate definition: 'crafts_construct:blockstates/blue_jelly.json' missing model for variant: 'crafts_construct:blue_jelly#level=2'
[10Juni2026 13:22:14.438] [Worker-Main-2/WARN] [net.minecraft.client.resources.model.BlockStateModelLoader/]: Exception loading blockstate definition: 'crafts_construct:blockstates/blue_jelly.json' missing model for variant: 'crafts_construct:blue_jelly#level=1'
[10Juni2026 13:22:16.819] [Worker-Main-3/INFO] [PonderIndex/]: Registering Ponder Scenes took 225.8 ms
[10Juni2026 13:22:16.832] [Worker-Main-3/INFO] [PonderIndex/]: Registering Ponder Tags took 11.98 ms
[10Juni2026 13:22:17.159] [Render thread/WARN] [net.minecraft.client.sounds.SoundEngine/]: Missing sound for event: minecraft:item.goat_horn.play
[10Juni2026 13:22:17.159] [Render thread/WARN] [net.minecraft.client.sounds.SoundEngine/]: Missing sound for event: minecraft:entity.goat.screaming.horn_break
[10Juni2026 13:22:17.353] [Render thread/INFO] [com.mojang.blaze3d.audio.Library/]: OpenAL initialized on device OpenAL Soft on Realtek HD Audio 2nd output (Realtek(R) Audio)
[10Juni2026 13:22:17.354] [Render thread/INFO] [net.minecraft.client.sounds.SoundEngine/SOUNDS]: Sound engine started
[10Juni2026 13:22:17.649] [Render thread/INFO] [net.minecraft.client.renderer.texture.TextureAtlas/]: Created: 2048x1024x4 minecraft:textures/atlas/blocks.png-atlas
[10Juni2026 13:22:17.975] [Render thread/INFO] [net.minecraft.client.renderer.texture.TextureAtlas/]: Created: 256x256x4 minecraft:textures/atlas/signs.png-atlas
[10Juni2026 13:22:17.979] [Render thread/INFO] [net.minecraft.client.renderer.texture.TextureAtlas/]: Created: 512x512x4 minecraft:textures/atlas/shield_patterns.png-atlas
[10Juni2026 13:22:17.987] [Render thread/INFO] [net.minecraft.client.renderer.texture.TextureAtlas/]: Created: 512x512x4 minecraft:textures/atlas/banner_patterns.png-atlas
[10Juni2026 13:22:17.993] [Render thread/INFO] [net.minecraft.client.renderer.texture.TextureAtlas/]: Created: 2048x1024x4 minecraft:textures/atlas/armor_trims.png-atlas
[10Juni2026 13:22:18.108] [Render thread/INFO] [net.minecraft.client.renderer.texture.TextureAtlas/]: Created: 256x256x4 minecraft:textures/atlas/chest.png-atlas
[10Juni2026 13:22:18.110] [Render thread/INFO] [net.minecraft.client.renderer.texture.TextureAtlas/]: Created: 128x64x4 minecraft:textures/atlas/decorated_pot.png-atlas
[10Juni2026 13:22:18.113] [Render thread/INFO] [net.minecraft.client.renderer.texture.TextureAtlas/]: Created: 512x256x4 minecraft:textures/atlas/shulker_boxes.png-atlas
[10Juni2026 13:22:18.116] [Render thread/INFO] [net.minecraft.client.renderer.texture.TextureAtlas/]: Created: 512x256x4 minecraft:textures/atlas/beds.png-atlas
[10Juni2026 13:22:18.233] [Render thread/INFO] [net.minecraft.client.renderer.texture.TextureAtlas/]: Created: 512x256x0 minecraft:textures/atlas/particles.png-atlas
[10Juni2026 13:22:18.243] [Render thread/INFO] [net.minecraft.client.renderer.texture.TextureAtlas/]: Created: 512x256x0 minecraft:textures/atlas/paintings.png-atlas
[10Juni2026 13:22:18.245] [Render thread/INFO] [net.minecraft.client.renderer.texture.TextureAtlas/]: Created: 256x128x0 minecraft:textures/atlas/mob_effects.png-atlas
[10Juni2026 13:22:18.248] [Render thread/INFO] [net.minecraft.client.renderer.texture.TextureAtlas/]: Created: 64x64x0 minecraft:textures/atlas/map_decorations.png-atlas
[10Juni2026 13:22:18.249] [Render thread/INFO] [net.minecraft.client.renderer.texture.TextureAtlas/]: Created: 1024x512x0 minecraft:textures/atlas/gui.png-atlas
[10Juni2026 13:22:18.310] [Render thread/WARN] [net.minecraft.client.renderer.ShaderInstance/]: Shader rendertype_entity_translucent_emissive could not find sampler named Sampler2 in the specified shader program.
[10Juni2026 13:22:18.456] [Render thread/INFO] [flywheel/backend/shaders/]: Loaded 77 shader sources in 40,481 ms
[10Juni2026 13:22:18.504] [Render thread/INFO] [com.simibubi.create.Create/]: Loaded 51 train hat configurations.
[10Juni2026 13:22:18.507] [Render thread/INFO] [net.neoforged.neoforge.client.entity.animation.json.AnimationLoader/]: Loaded 0 entity animations
[10Juni2026 13:22:18.507] [Render thread/INFO] [net.minecraft.client.renderer.texture.TextureAtlas/]: Created: 256x256x0 jei:textures/atlas/gui.png-atlas
[10Juni2026 13:22:24.128] [Render thread/INFO] [com.simibubi.create.Create/]: Created 141 recipes which will be injected into the game
[10Juni2026 13:22:24.136] [Render thread/INFO] [com.simibubi.create.Create/]: Created 0 tags which will be injected into the game
[10Juni2026 13:22:26.256] [Render thread/INFO] [net.minecraft.world.item.crafting.RecipeManager/]: Loaded 2792 recipes
[10Juni2026 13:22:26.690] [Render thread/INFO] [net.minecraft.advancements.AdvancementTree/]: Loaded 2475 advancements
[10Juni2026 13:22:28.722] [Render thread/INFO] [mezz.jei.neoforge.startup.StartEventObserver/]: JEI StartEventObserver received class net.neoforged.neoforge.event.TagsUpdatedEvent too early, ignoring
[10Juni2026 13:22:28.914] [Server thread/INFO] [net.minecraft.client.server.IntegratedServer/]: Starting integrated minecraft server version 1.21.1
[10Juni2026 13:22:28.915] [Server thread/INFO] [net.minecraft.server.MinecraftServer/]: Generating keypair
[10Juni2026 13:22:30.958] [Server thread/INFO] [net.minecraft.server.MinecraftServer/]: Preparing start region for dimension minecraft:overworld
[10Juni2026 13:22:31.557] [progressListener/INFO] [net.minecraft.server.level.progress.LoggerChunkProgressListener/]: Preparing spawn area: 0%
[10Juni2026 13:22:31.557] [progressListener/INFO] [net.minecraft.server.level.progress.LoggerChunkProgressListener/]: Preparing spawn area: 0%
[10Juni2026 13:22:31.863] [Server thread/INFO] [net.neoforged.neoforge.server.permission.PermissionAPI/]: Successfully initialized permission handler neoforge:default_handler
[10Juni2026 13:22:31.868] [progressListener/INFO] [net.minecraft.server.level.progress.LoggerChunkProgressListener/]: Time elapsed: 898 ms
[10Juni2026 13:22:32.105] [Server thread/INFO] [net.minecraft.client.server.IntegratedServer/]: Changing view distance to 9, from 10
[10Juni2026 13:22:32.106] [Server thread/INFO] [net.minecraft.client.server.IntegratedServer/]: Changing simulation distance to 9, from 0
[10Juni2026 13:22:33.155] [Render thread/INFO] [com.simibubi.create.Create/]: Created 141 recipes which will be injected into the game
[10Juni2026 13:22:33.159] [Render thread/INFO] [com.simibubi.create.Create/]: Created 0 tags which will be injected into the game
[10Juni2026 13:22:33.408] [Render thread/INFO] [mezz.jei.neoforge.startup.StartEventObserver/]: JEI StartEventObserver received class net.neoforged.neoforge.event.TagsUpdatedEvent
[10Juni2026 13:22:33.991] [Server thread/INFO] [net.minecraft.server.players.PlayerList/]: Dev[local:E:15a09401] logged in with entity id 17 at (162.43132882948836, 68.81313554902955, -367.26464036714947)
[10Juni2026 13:22:34.102] [Server thread/INFO] [net.minecraft.server.MinecraftServer/]: Dev joined the game
[10Juni2026 13:22:34.207] [Render thread/INFO] [flywheel/]: Started 2 worker threads
[10Juni2026 13:22:34.668] [Render thread/INFO] [mezz.jei.neoforge.startup.StartEventObserver/]: JEI StartEventObserver received class net.neoforged.neoforge.client.event.RecipesUpdatedEvent
[10Juni2026 13:22:34.670] [Render thread/INFO] [mezz.jei.neoforge.startup.StartEventObserver/]: JEI StartEventObserver transitioning state from LISTENING to JEI_STARTED
[10Juni2026 13:22:34.672] [Render thread/INFO] [mezz.jei.core.util.LoggedTimer/]: Starting JEI...
[10Juni2026 13:22:34.686] [Render thread/INFO] [mezz.jei.library.load.PluginCaller/]: Registering item subtypes...
[10Juni2026 13:22:34.695] [Render thread/INFO] [mezz.jei.library.load.PluginCaller/]: Registering item subtypes took 8.062 ms
[10Juni2026 13:22:34.696] [Render thread/INFO] [mezz.jei.library.load.PluginCaller/]: Registering fluid subtypes...
[10Juni2026 13:22:34.700] [Render thread/INFO] [mezz.jei.library.load.PluginCaller/]: Registering fluid subtypes took 3.860 ms
[10Juni2026 13:22:34.703] [Render thread/INFO] [mezz.jei.library.load.PluginCaller/]: Registering ingredients...
[10Juni2026 13:22:35.107] [Render thread/WARN] [mezz.jei.library.plugins.vanilla.ingredients.ItemStackListFactory/]: Item Group has no display items and no search tab display items. Items from this group will be missing from the JEI ingredient list. Operator Utilities
[10Juni2026 13:22:35.150] [Render thread/INFO] [mezz.jei.library.load.PluginCallerTimerRunnable/]: Registering ingredients: jei:minecraft took 445.9 milliseconds
[10Juni2026 13:22:35.150] [Render thread/INFO] [mezz.jei.library.load.PluginCaller/]: Registering ingredients took 447.4 ms
[10Juni2026 13:22:35.151] [Render thread/INFO] [mezz.jei.library.load.PluginCaller/]: Registering extra ingredients...
[10Juni2026 13:22:35.160] [Render thread/INFO] [mezz.jei.library.load.PluginCaller/]: Registering extra ingredients took 8.026 ms
[10Juni2026 13:22:35.160] [Render thread/INFO] [mezz.jei.library.load.PluginCaller/]: Registering search ingredient aliases...
[10Juni2026 13:22:35.162] [Render thread/INFO] [mezz.jei.library.load.PluginCaller/]: Registering search ingredient aliases took 1.773 ms
[10Juni2026 13:22:35.184] [Render thread/INFO] [mezz.jei.library.load.PluginCaller/]: Registering Mod Info...
[10Juni2026 13:22:35.186] [Render thread/INFO] [mezz.jei.library.load.PluginCaller/]: Registering Mod Info took 1.426 ms
[10Juni2026 13:22:35.213] [Render thread/INFO] [mezz.jei.library.load.PluginCaller/]: Registering categories...
[10Juni2026 13:22:35.238] [Render thread/INFO] [mezz.jei.library.load.PluginCallerTimerRunnable/]: Registering categories: jei:minecraft took 24.17 milliseconds
[10Juni2026 13:22:35.300] [Render thread/INFO] [mezz.jei.library.load.PluginCallerTimerRunnable/]: Registering categories: create:jei_plugin took 61.56 milliseconds
[10Juni2026 13:22:35.308] [Render thread/INFO] [mezz.jei.library.load.PluginCaller/]: Registering categories took 94.35 ms
[10Juni2026 13:22:35.309] [Render thread/INFO] [mezz.jei.library.load.PluginCaller/]: Registering vanilla category extensions...
[10Juni2026 13:22:35.313] [Render thread/INFO] [mezz.jei.library.load.PluginCaller/]: Registering vanilla category extensions took 4.788 ms
[10Juni2026 13:22:35.315] [Render thread/INFO] [mezz.jei.library.load.PluginCaller/]: Registering recipe catalysts...
[10Juni2026 13:22:35.319] [Render thread/INFO] [mezz.jei.library.load.PluginCaller/]: Registering recipe catalysts took 3.499 ms
[10Juni2026 13:22:35.320] [Render thread/INFO] [mezz.jei.core.util.LoggedTimer/]: Building recipe registry...
[10Juni2026 13:22:35.342] [Render thread/INFO] [mezz.jei.core.util.LoggedTimer/]: Building recipe registry took 21.31 ms
[10Juni2026 13:22:35.343] [Render thread/INFO] [mezz.jei.library.load.PluginCaller/]: Registering advanced plugins...
[10Juni2026 13:22:35.346] [Render thread/INFO] [mezz.jei.library.load.PluginCaller/]: Registering advanced plugins took 1.029 ms
[10Juni2026 13:22:35.347] [Render thread/INFO] [mezz.jei.library.load.PluginCaller/]: Registering recipes...
[10Juni2026 13:22:35.630] [Render thread/INFO] [mezz.jei.library.load.PluginCallerTimerRunnable/]: Registering recipes: jei:minecraft took 282.5 milliseconds
[10Juni2026 13:22:35.791] [Render thread/INFO] [mezz.jei.library.load.PluginCallerTimerRunnable/]: Registering recipes: create:jei_plugin took 160.7 milliseconds
[10Juni2026 13:22:35.876] [Render thread/INFO] [mezz.jei.library.load.PluginCallerTimerRunnable/]: Registering recipes: jei:internal took 83.80 milliseconds
[10Juni2026 13:22:35.876] [Render thread/INFO] [mezz.jei.library.load.PluginCaller/]: Registering recipes took 529.1 ms
[10Juni2026 13:22:35.889] [Render thread/INFO] [mezz.jei.library.load.PluginCaller/]: Registering recipes transfer handlers...
[10Juni2026 13:22:35.898] [Render thread/INFO] [mezz.jei.library.load.PluginCaller/]: Registering recipes transfer handlers took 8.442 ms
[10Juni2026 13:22:35.914] [Render thread/INFO] [mezz.jei.core.util.LoggedTimer/]: Building runtime...
[10Juni2026 13:22:35.922] [Render thread/INFO] [mezz.jei.library.load.PluginCaller/]: Registering gui handlers...
[10Juni2026 13:22:35.939] [Render thread/INFO] [mezz.jei.library.load.PluginCaller/]: Registering gui handlers took 16.25 ms
[10Juni2026 13:22:35.945] [Render thread/INFO] [mezz.jei.library.load.PluginCaller/]: Registering Runtime...
[10Juni2026 13:22:35.948] [Render thread/INFO] [mezz.jei.gui.startup.JeiGuiStarter/]: Starting JEI GUI
[10Juni2026 13:22:35.949] [Render thread/INFO] [mezz.jei.core.util.LoggedTimer/]: Building ingredient list...
[10Juni2026 13:22:36.001] [Render thread/INFO] [mezz.jei.core.util.LoggedTimer/]: Building ingredient list took 51.05 ms
[10Juni2026 13:22:36.001] [Render thread/INFO] [mezz.jei.core.util.LoggedTimer/]: Building ingredient filter...
[10Juni2026 13:22:36.052] [Render thread/INFO] [mezz.jei.gui.ingredients.IngredientFilter/]: Adding 2441 ingredients
[10Juni2026 13:22:36.807] [Render thread/INFO] [mezz.jei.gui.ingredients.IngredientFilter/]: Added 2441 ingredients
[10Juni2026 13:22:36.808] [Render thread/INFO] [mezz.jei.core.util.LoggedTimer/]: Building ingredient filter took 806.6 ms
[10Juni2026 13:22:36.913] [Render thread/INFO] [mezz.jei.library.load.PluginCallerTimerRunnable/]: Registering Runtime: jei:neoforge_gui took 966.4 milliseconds
[10Juni2026 13:22:36.913] [Render thread/INFO] [mezz.jei.library.load.PluginCaller/]: Registering Runtime took 967.8 ms
[10Juni2026 13:22:36.914] [Render thread/INFO] [mezz.jei.core.util.LoggedTimer/]: Building runtime took 999.2 ms
[10Juni2026 13:22:36.914] [Render thread/INFO] [mezz.jei.library.load.PluginCaller/]: Sending Runtime...
[10Juni2026 13:22:36.916] [Render thread/INFO] [mezz.jei.library.load.PluginCaller/]: Sending Runtime took 1.142 ms
[10Juni2026 13:22:36.916] [Render thread/INFO] [mezz.jei.core.util.LoggedTimer/]: Starting JEI took 2.244 s
[10Juni2026 13:22:36.942] [Render thread/INFO] [net.minecraft.advancements.AdvancementTree/]: Loaded 662 advancements
[10Juni2026 13:29:08.318] [Server thread/INFO] [net.minecraft.client.server.IntegratedServer/]: Saving and pausing game...
[10Juni2026 13:29:08.368] [Server thread/INFO] [net.minecraft.server.MinecraftServer/]: Saving chunks for level 'ServerLevel[Wpas]'/minecraft:overworld
[10Juni2026 13:29:08.391] [Server thread/INFO] [net.minecraft.server.MinecraftServer/]: Saving chunks for level 'ServerLevel[Wpas]'/minecraft:the_end
[10Juni2026 13:29:08.391] [Server thread/INFO] [net.minecraft.server.MinecraftServer/]: Saving chunks for level 'ServerLevel[Wpas]'/minecraft:the_nether
[10Juni2026 13:32:26.606] [Render thread/INFO] [mezz.jei.neoforge.startup.StartEventObserver/]: JEI StartEventObserver received class net.neoforged.neoforge.client.event.ClientPlayerNetworkEvent$LoggingOut
[10Juni2026 13:32:26.606] [Render thread/INFO] [mezz.jei.neoforge.startup.StartEventObserver/]: JEI StartEventObserver transitioning state from JEI_STARTED to LISTENING
[10Juni2026 13:32:26.606] [Render thread/INFO] [mezz.jei.library.startup.JeiStarter/]: Stopping JEI
[10Juni2026 13:32:26.607] [Render thread/INFO] [mezz.jei.library.load.PluginCaller/]: Sending Runtime Unavailable...
[10Juni2026 13:32:26.607] [Render thread/INFO] [mezz.jei.neoforge.plugins.neoforge.NeoForgeGuiPlugin/]: Stopping JEI GUI
[10Juni2026 13:32:26.613] [Render thread/INFO] [mezz.jei.library.load.PluginCaller/]: Sending Runtime Unavailable took 5.048 ms
[10Juni2026 13:32:26.711] [Server thread/INFO] [net.minecraft.server.network.ServerGamePacketListenerImpl/]: Dev lost connection: Disconnected
[10Juni2026 13:32:26.712] [Server thread/INFO] [net.minecraft.server.MinecraftServer/]: Dev left the game
[10Juni2026 13:32:26.787] [Server thread/INFO] [net.minecraft.server.network.ServerCommonPacketListenerImpl/]: Stopping singleplayer server as player logged out
[10Juni2026 13:32:26.808] [Server thread/INFO] [net.minecraft.server.MinecraftServer/]: Stopping server
[10Juni2026 13:32:26.809] [Server thread/INFO] [net.minecraft.server.MinecraftServer/]: Saving players
[10Juni2026 13:32:26.809] [Server thread/INFO] [net.minecraft.server.MinecraftServer/]: Saving worlds
[10Juni2026 13:32:27.016] [Server thread/INFO] [net.minecraft.server.MinecraftServer/]: Saving chunks for level 'ServerLevel[Wpas]'/minecraft:overworld
[10Juni2026 13:32:27.342] [Server thread/INFO] [net.minecraft.server.MinecraftServer/]: Saving chunks for level 'ServerLevel[Wpas]'/minecraft:the_end
[10Juni2026 13:32:27.380] [Server thread/INFO] [net.minecraft.server.MinecraftServer/]: Saving chunks for level 'ServerLevel[Wpas]'/minecraft:the_nether
[10Juni2026 13:32:27.436] [Server thread/INFO] [net.minecraft.server.MinecraftServer/]: ThreadedAnvilChunkStorage (Wpas): All chunks are saved
[10Juni2026 13:32:27.437] [Server thread/INFO] [net.minecraft.server.MinecraftServer/]: ThreadedAnvilChunkStorage (DIM1): All chunks are saved
[10Juni2026 13:32:27.437] [Server thread/INFO] [net.minecraft.server.MinecraftServer/]: ThreadedAnvilChunkStorage (DIM-1): All chunks are saved
[10Juni2026 13:32:27.437] [Server thread/INFO] [net.minecraft.server.MinecraftServer/]: ThreadedAnvilChunkStorage: All dimensions are saved
[10Juni2026 13:32:31.923] [Render thread/INFO] [net.minecraft.client.Minecraft/]: Stopping!
